// Jest Snapshot v1, https://goo.gl/fbAQLP

exports[`City Page renders correctly 1`] = `
.c0 {
  position: relative;
}

.c0::after {
  content: '';
  position: absolute;
  top: 0;
  bottom: 0;
  left: 0;
  right: 0;
  opacity: 0.6;
  background: linear-gradient( 180deg,#00355b,#4d9fda );
}

<div>
  <span
    className="px-md-3"
  />
  <div
    className="c0 p-toolbar bg-cover bg-center mb-10"
    style={
      Object {
        "backgroundImage": "url('/static/banners/home-fast.jpg')",
      }
    }
  >
    <div
      className="relative z-50"
    >
      <div
        className="container px-3 pt-8"
      >
        <div
          className="w-16 h-16 rounded-full bg-white mx-auto mb-4 flex justify-center items-center"
        >
          <span
            className="icon im text-4xl text-blue-600"
          >
            place
          </span>
        </div>
        <h1
          className="text-white text-6xl font-medium text-center"
        >
          Sao Paulo
        </h1>
        <p
          className="max-w-xl text-xl text-center text-white mx-auto mb-6"
        >
          FormattedMessage
        </p>
        <div
          className="bg-white rounded-lg max-w-3xl mx-auto mb-4 p-2 md:flex"
        >
          <select
            className="rounded-lg input md:mr-2 block mb-2 md:mb-0 bg-gray-300 border-0 text-xl px-4 h-12 "
            disabled={false}
            name="cause"
            onChange={[Function]}
            role="cause-filter"
          >
            <option
              value=""
            >
              Filtre por causa
            </option>
            <option
              value={1}
            >
              cause1
            </option>
            <option
              value={2}
            >
              cause2
            </option>
          </select>
          <select
            className="rounded-lg input md:mr-2 block mb-2 md:mb-0 bg-gray-300 border-0 text-xl px-4 h-12 "
            disabled={false}
            name="skill"
            onChange={[Function]}
            role="skill-filter"
          >
            <option
              value=""
            >
              Filtre por habilidade
            </option>
            <option
              value={1}
            >
              skill1
            </option>
            <option
              value={2}
            >
              skill2
            </option>
          </select>
        </div>
      </div>
      <svg
        className="block h-16"
        height="96px"
        preserveAspectRatio="none"
        version="1.1"
        viewBox="0 0 100 100"
        width="100%"
        xmlns="http://www.w3.org/2000/svg"
      >
        <path
          d="M0,0 C16.6666667,66 33.3333333,99 50,99 C66.6666667,99 83.3333333,66 100,0 L100,100 L0,100 L0,0 Z"
          fill="#fff"
        />
      </svg>
    </div>
  </div>
  <div
    className="container mx-auto px-2"
  >
    <h4
      className="mb-4"
    >
      Vagas recentes
    </h4>
    <div
      className="flex -mx-2 flex-wrap"
    >
      <div
        className="px-2 w-full sm:w-1/2 lg:w-1/4 mb-6"
      >
        <div
          id={1}
          name="Project 1"
          slug="project_1"
        >
          ~/components/ProjectCard - 
        </div>
      </div>
      <div
        className="px-2 w-full sm:w-1/2 lg:w-1/4 mb-6"
      >
        <div
          id={2}
          name="Project 2"
          slug="project_2"
        >
          ~/components/ProjectCard - 
        </div>
      </div>
    </div>
  </div>
</div>
`;
