// Jest Snapshot v1, https://goo.gl/fbAQLP

exports[`Alert renders correctly 1`] = `
<div
  className="w-full min-h-4 flex justify-center items-center py-2 px-4 bg-orange-400 bg-orange-400"
>
  foo
  <button
    className="absolute right-0 mr-2 cursor-pointer"
    onClick={[Function]}
    role="close"
  >
    <span
      className="icon im"
    >
      close
    </span>
  </button>
</div>
`;
