// Jest Snapshot v1, https://goo.gl/fbAQLP

exports[`ProjectApplicationTableRow should match snapshot 1`] = `
.c0 {
  background-position: center;
  background-repeat: no-repeat;
}

.c1 {
  -webkit-flex: 0 0 2.5rem;
  -ms-flex: 0 0 2.5rem;
  flex: 0 0 2.5rem;
  width: 2.5rem;
  height: 2.5rem;
}

<table>
  <tbody>
    <tr>
      <td
        className="px-4 py-3"
      >
        <div
          className="flex"
        >
          <div
            className="c0 c1 rounded-full mr-3 bg-cover bg-center relative bg-gray-300"
          >
            <span
              className="absolute left-0 bottom-0 w-4 h-4 rounded-full z-20 border-2 border-white -ml-1 -mb-1 bg-yellow-500"
            />
          </div>
          <div
            className="flex-grow"
          >
            <span
              className="text-md font-medium text-gray-800 block truncate"
            />
            <span
              className="text-gray-500 text-sm block truncate"
            >
              FormattedMessage
            </span>
          </div>
        </div>
      </td>
      <td
        className="max-w-xs px-4 py-3 truncate text-md"
      />
      <td
        className="px-4 py-3 truncate text-lg"
        style={
          Object {
            "width": "200px",
          }
        }
      >
        <button
          className="btn text-white text-sm rounded-full bg-green-500 hover:bg-green-600"
          onClick={[Function]}
          role="confirm-application"
          type="button"
        >
          <span
            className="icon im mr-1"
          >
            check_circle
          </span>
          FormattedMessage
        </button>
        <button
          className="btn text-gray-700 text-sm rounded-full bg-gray-300 hover:bg-red-600 hover:text-white ml-2"
          onClick={[Function]}
          onMouseEnter={[Function]}
          onMouseLeave={[Function]}
          role="remove-application"
          type="button"
        >
          <span
            className="icon im"
          >
            close
          </span>
        </button>
      </td>
    </tr>
  </tbody>
</table>
`;
